[debug] [2026-01-13T18:08:35.499Z] ----------------------------------------------------------------------
[debug] [2026-01-13T18:08:35.502Z] Command:       C:\Program Files\nodejs\node.exe C:\Users\kenny\AppData\Roaming\npm\node_modules\firebase-tools\lib\bin\firebase.js deploy
[debug] [2026-01-13T18:08:35.503Z] CLI Version:   15.2.1
[debug] [2026-01-13T18:08:35.503Z] Platform:      win32
[debug] [2026-01-13T18:08:35.503Z] Node Version:  v25.2.1
[debug] [2026-01-13T18:08:35.503Z] Time:          Tue Jan 13 2026 12:08:35 GMT-0600 (Central Standard Time)
[debug] [2026-01-13T18:08:35.503Z] ----------------------------------------------------------------------
[debug] 
[debug] [2026-01-13T18:08:38.602Z] > command requires scopes: ["email","openid","https://www.googleapis.com/auth/cloudplatformprojects.readonly","https://www.googleapis.com/auth/firebase","https://www.googleapis.com/auth/cloud-platform"]
[debug] [2026-01-13T18:08:38.603Z] > authorizing via signed-in user (austincans.2158@gmail.com)
[debug] [2026-01-13T18:08:38.603Z] [iam] checking project scouting-481000 for permissions ["cloudfunctions.functions.create","cloudfunctions.functions.delete","cloudfunctions.functions.get","cloudfunctions.functions.list","cloudfunctions.functions.update","cloudfunctions.operations.get","firebase.projects.get","firebasehosting.sites.update"]
[debug] [2026-01-13T18:08:38.605Z] Checked if tokens are valid: true, expires at: 1768328738487
[debug] [2026-01-13T18:08:38.605Z] Checked if tokens are valid: true, expires at: 1768328738487
[debug] [2026-01-13T18:08:38.607Z] >>> [apiv2][query] POST https://cloudresourcemanager.googleapis.com/v1/projects/scouting-481000:testIamPermissions [none]
[debug] [2026-01-13T18:08:38.608Z] >>> [apiv2][(partial)header] POST https://cloudresourcemanager.googleapis.com/v1/projects/scouting-481000:testIamPermissions x-goog-quota-user=projects/scouting-481000
[debug] [2026-01-13T18:08:38.608Z] >>> [apiv2][body] POST https://cloudresourcemanager.googleapis.com/v1/projects/scouting-481000:testIamPermissions {"permissions":["cloudfunctions.functions.create","cloudfunctions.functions.delete","cloudfunctions.functions.get","cloudfunctions.functions.list","cloudfunctions.functions.update","cloudfunctions.operations.get","firebase.projects.get","firebasehosting.sites.update"]}
[debug] [2026-01-13T18:08:38.850Z] <<< [apiv2][status] POST https://cloudresourcemanager.googleapis.com/v1/projects/scouting-481000:testIamPermissions 200
[debug] [2026-01-13T18:08:38.851Z] <<< [apiv2][body] POST https://cloudresourcemanager.googleapis.com/v1/projects/scouting-481000:testIamPermissions {"permissions":["cloudfunctions.functions.create","cloudfunctions.functions.delete","cloudfunctions.functions.get","cloudfunctions.functions.list","cloudfunctions.functions.update","cloudfunctions.operations.get","firebase.projects.get","firebasehosting.sites.update"]}
[debug] [2026-01-13T18:08:38.852Z] Checked if tokens are valid: true, expires at: 1768328738487
[debug] [2026-01-13T18:08:38.852Z] Checked if tokens are valid: true, expires at: 1768328738487
[debug] [2026-01-13T18:08:38.852Z] >>> [apiv2][query] POST https://iam.googleapis.com/v1/projects/scouting-481000/serviceAccounts/scouting-481000@appspot.gserviceaccount.com:testIamPermissions [none]
[debug] [2026-01-13T18:08:38.852Z] >>> [apiv2][body] POST https://iam.googleapis.com/v1/projects/scouting-481000/serviceAccounts/scouting-481000@appspot.gserviceaccount.com:testIamPermissions {"permissions":["iam.serviceAccounts.actAs"]}
[debug] [2026-01-13T18:08:39.074Z] <<< [apiv2][status] POST https://iam.googleapis.com/v1/projects/scouting-481000/serviceAccounts/scouting-481000@appspot.gserviceaccount.com:testIamPermissions 404
[debug] [2026-01-13T18:08:39.074Z] <<< [apiv2][body] POST https://iam.googleapis.com/v1/projects/scouting-481000/serviceAccounts/scouting-481000@appspot.gserviceaccount.com:testIamPermissions {"error":{"code":404,"message":"Unknown service account","status":"NOT_FOUND"}}
[debug] [2026-01-13T18:08:39.075Z] [functions] service account IAM check errored, deploy may fail: Request to https://iam.googleapis.com/v1/projects/scouting-481000/serviceAccounts/scouting-481000@appspot.gserviceaccount.com:testIamPermissions had HTTP Error: 404, Unknown service account {"name":"FirebaseError","children":[],"context":{"body":{"error":{"code":404,"message":"Unknown service account","status":"NOT_FOUND"}},"response":{"statusCode":404}},"exit":1,"message":"Request to https://iam.googleapis.com/v1/projects/scouting-481000/serviceAccounts/scouting-481000@appspot.gserviceaccount.com:testIamPermissions had HTTP Error: 404, Unknown service account","status":404}
[debug] [2026-01-13T18:08:39.077Z] Checked if tokens are valid: true, expires at: 1768328738487
[debug] [2026-01-13T18:08:39.077Z] Checked if tokens are valid: true, expires at: 1768328738487
[debug] [2026-01-13T18:08:39.078Z] >>> [apiv2][query] GET https://firebase.googleapis.com/v1beta1/projects/scouting-481000 [none]
[debug] [2026-01-13T18:08:39.265Z] <<< [apiv2][status] GET https://firebase.googleapis.com/v1beta1/projects/scouting-481000 200
[debug] [2026-01-13T18:08:39.266Z] <<< [apiv2][body] GET https://firebase.googleapis.com/v1beta1/projects/scouting-481000 {"projectId":"scouting-481000","projectNumber":"583080414646","displayName":"2158scouting","name":"projects/scouting-481000","resources":{"hostingSite":"scouting-481000"},"state":"ACTIVE","etag":"1_21435cad-2d09-4edd-8121-c818d549339d"}
[info] 
[info] === Deploying to 'scouting-481000'...
[info] 
[info] i  deploying functions, hosting 
[debug] [2026-01-13T18:08:39.279Z] Checked if tokens are valid: true, expires at: 1768328738487
[debug] [2026-01-13T18:08:39.280Z] Checked if tokens are valid: true, expires at: 1768328738487
[debug] [2026-01-13T18:08:39.280Z] >>> [apiv2][query] GET https://cloudresourcemanager.googleapis.com/v1/projects/scouting-481000 [none]
[debug] [2026-01-13T18:08:39.369Z] <<< [apiv2][status] GET https://cloudresourcemanager.googleapis.com/v1/projects/scouting-481000 200
[debug] [2026-01-13T18:08:39.370Z] <<< [apiv2][body] GET https://cloudresourcemanager.googleapis.com/v1/projects/scouting-481000 {"projectNumber":"583080414646","projectId":"scouting-481000","lifecycleState":"ACTIVE","name":"2158scouting","labels":{"firebase":"enabled","firebase-core":"disabled"},"createTime":"2025-12-12T00:03:15.557361Z"}
[info] i  functions: preparing codebase default for deployment 
[info] i  functions: ensuring required API cloudfunctions.googleapis.com is enabled... 
[info] i  functions: ensuring required API cloudbuild.googleapis.com is enabled... 
[info] i  artifactregistry: ensuring required API artifactregistry.googleapis.com is enabled... 
[debug] [2026-01-13T18:08:39.378Z] Checked if tokens are valid: true, expires at: 1768328738487
[debug] [2026-01-13T18:08:39.378Z] Checked if tokens are valid: true, expires at: 1768328738487
[debug] [2026-01-13T18:08:39.379Z] >>> [apiv2][query] GET https://firebase.googleapis.com/v1beta1/projects/scouting-481000/adminSdkConfig [none]
[debug] [2026-01-13T18:08:39.487Z] <<< [apiv2][status] GET https://firebase.googleapis.com/v1beta1/projects/scouting-481000/adminSdkConfig 200
[debug] [2026-01-13T18:08:39.487Z] <<< [apiv2][body] GET https://firebase.googleapis.com/v1beta1/projects/scouting-481000/adminSdkConfig {"projectId":"scouting-481000","storageBucket":"scouting-481000.firebasestorage.app"}
[debug] [2026-01-13T18:08:39.488Z] Checked if tokens are valid: true, expires at: 1768328738487
[debug] [2026-01-13T18:08:39.488Z] Checked if tokens are valid: true, expires at: 1768328738487
[debug] [2026-01-13T18:08:39.488Z] >>> [apiv2][query] GET https://runtimeconfig.googleapis.com/v1beta1/projects/scouting-481000/configs [none]
[debug] [2026-01-13T18:08:39.661Z] <<< [apiv2][status] GET https://runtimeconfig.googleapis.com/v1beta1/projects/scouting-481000/configs 200
[debug] [2026-01-13T18:08:39.662Z] <<< [apiv2][body] GET https://runtimeconfig.googleapis.com/v1beta1/projects/scouting-481000/configs {}
[debug] [2026-01-13T18:08:39.664Z] Validating nodejs source
[debug] [2026-01-13T18:08:41.756Z] > [functions] package.json contents: {
  "name": "functions",
  "description": "Cloud Functions for Firebase",
  "scripts": {
    "serve": "firebase emulators:start --only functions",
    "shell": "firebase functions:shell",
    "start": "npm run shell",
    "deploy": "firebase deploy --only functions",
    "logs": "firebase functions:log"
  },
  "engines": {
    "node": "25.2.1"
  },
  "main": "index.js",
  "dependencies": {
    "axios": "^1.6.2",
    "cors": "^2.8.5",
    "express": "^4.18.2",
    "firebase-admin": "^12.0.0",
    "firebase-functions": "^7.0.3",
    "google-auth-library": "^9.4.1",
    "google-spreadsheet": "^4.1.2"
  },
  "devDependencies": {
    "firebase-functions-test": "^3.1.0"
  },
  "private": true
}
[debug] [2026-01-13T18:08:41.757Z] Building nodejs source
[info] i  functions: Loading and analyzing source code for codebase default to determine what to deploy 
[debug] [2026-01-13T18:08:41.760Z] Could not find functions.yaml. Must use http discovery
[debug] [2026-01-13T18:08:41.796Z] Found firebase-functions binary at 'C:\Users\kenny\Documents\2158ScoutingWebsite\functions\node_modules\.bin\firebase-functions'
[info] Serving at port 8979

[debug] [2026-01-13T18:08:43.140Z] Got response from /__/functions.yaml {"endpoints":{"api":{"availableMemoryMb":null,"timeoutSeconds":null,"minInstances":null,"maxInstances":null,"ingressSettings":null,"concurrency":null,"serviceAccountEmail":null,"vpc":null,"platform":"gcfv2","secretEnvironmentVariables":[{"key":"GOOGLE_SERVICE_ACCOUNT_EMAIL"},{"key":"GOOGLE_PRIVATE_KEY"},{"key":"TBA_AUTH_KEY"}],"labels":{},"httpsTrigger":{},"entryPoint":"api"}},"specVersion":"v1alpha1","requiredAPIs":[],"extensions":{},"params":[{"type":"secret","name":"GOOGLE_SERVICE_ACCOUNT_EMAIL"},{"type":"secret","name":"GOOGLE_PRIVATE_KEY"},{"type":"secret","name":"TBA_AUTH_KEY"}]}
[info] i  extensions: ensuring required API firebaseextensions.googleapis.com is enabled... 
[debug] [2026-01-13T18:08:47.210Z] > command requires scopes: ["email","openid","https://www.googleapis.com/auth/cloudplatformprojects.readonly","https://www.googleapis.com/auth/firebase","https://www.googleapis.com/auth/cloud-platform"]
[debug] [2026-01-13T18:08:47.210Z] > authorizing via signed-in user (austincans.2158@gmail.com)
[debug] [2026-01-13T18:08:47.211Z] [iam] checking project scouting-481000 for permissions ["firebase.projects.get","firebaseextensions.instances.list"]
[debug] [2026-01-13T18:08:47.211Z] Checked if tokens are valid: true, expires at: 1768328738487
[debug] [2026-01-13T18:08:47.211Z] Checked if tokens are valid: true, expires at: 1768328738487
[debug] [2026-01-13T18:08:47.211Z] >>> [apiv2][query] POST https://cloudresourcemanager.googleapis.com/v1/projects/scouting-481000:testIamPermissions [none]
[debug] [2026-01-13T18:08:47.211Z] >>> [apiv2][(partial)header] POST https://cloudresourcemanager.googleapis.com/v1/projects/scouting-481000:testIamPermissions x-goog-quota-user=projects/scouting-481000
[debug] [2026-01-13T18:08:47.211Z] >>> [apiv2][body] POST https://cloudresourcemanager.googleapis.com/v1/projects/scouting-481000:testIamPermissions {"permissions":["firebase.projects.get","firebaseextensions.instances.list"]}
[debug] [2026-01-13T18:08:47.376Z] <<< [apiv2][status] POST https://cloudresourcemanager.googleapis.com/v1/projects/scouting-481000:testIamPermissions 200
[debug] [2026-01-13T18:08:47.376Z] <<< [apiv2][body] POST https://cloudresourcemanager.googleapis.com/v1/projects/scouting-481000:testIamPermissions {"permissions":["firebase.projects.get","firebaseextensions.instances.list"]}
[debug] [2026-01-13T18:08:47.377Z] Checked if tokens are valid: true, expires at: 1768328738487
[debug] [2026-01-13T18:08:47.377Z] Checked if tokens are valid: true, expires at: 1768328738487
[debug] [2026-01-13T18:08:47.378Z] >>> [apiv2][query] GET https://firebaseextensions.googleapis.com/v1beta/projects/scouting-481000/instances pageSize=100&pageToken=
[debug] [2026-01-13T18:08:47.608Z] <<< [apiv2][status] GET https://firebaseextensions.googleapis.com/v1beta/projects/scouting-481000/instances 200
[debug] [2026-01-13T18:08:47.609Z] <<< [apiv2][body] GET https://firebaseextensions.googleapis.com/v1beta/projects/scouting-481000/instances {}
[debug] [2026-01-13T18:08:47.612Z] Checked if tokens are valid: true, expires at: 1768328738487
[debug] [2026-01-13T18:08:47.612Z] Checked if tokens are valid: true, expires at: 1768328738487
[debug] [2026-01-13T18:08:47.612Z] >>> [apiv2][query] GET https://secretmanager.googleapis.com/v1/projects/scouting-481000/secrets/GOOGLE_SERVICE_ACCOUNT_EMAIL [none]
[debug] [2026-01-13T18:08:47.746Z] <<< [apiv2][status] GET https://secretmanager.googleapis.com/v1/projects/scouting-481000/secrets/GOOGLE_SERVICE_ACCOUNT_EMAIL 200
[debug] [2026-01-13T18:08:47.746Z] <<< [apiv2][body] GET https://secretmanager.googleapis.com/v1/projects/scouting-481000/secrets/GOOGLE_SERVICE_ACCOUNT_EMAIL {"name":"projects/583080414646/secrets/GOOGLE_SERVICE_ACCOUNT_EMAIL","replication":{"automatic":{}},"createTime":"2026-01-13T17:32:54.914360Z","labels":{"firebase-managed":"functions"},"etag":"\"16484861bfc17c\""}
[debug] [2026-01-13T18:08:47.747Z] Checked if tokens are valid: true, expires at: 1768328738487
[debug] [2026-01-13T18:08:47.747Z] Checked if tokens are valid: true, expires at: 1768328738487
[debug] [2026-01-13T18:08:47.747Z] >>> [apiv2][query] GET https://secretmanager.googleapis.com/v1/projects/scouting-481000/secrets/GOOGLE_SERVICE_ACCOUNT_EMAIL/versions/latest [none]
[debug] [2026-01-13T18:08:47.833Z] <<< [apiv2][status] GET https://secretmanager.googleapis.com/v1/projects/scouting-481000/secrets/GOOGLE_SERVICE_ACCOUNT_EMAIL/versions/latest 200
[debug] [2026-01-13T18:08:47.833Z] <<< [apiv2][body] GET https://secretmanager.googleapis.com/v1/projects/scouting-481000/secrets/GOOGLE_SERVICE_ACCOUNT_EMAIL/versions/latest {"name":"projects/583080414646/secrets/GOOGLE_SERVICE_ACCOUNT_EMAIL/versions/1","createTime":"2026-01-13T17:32:55.310903Z","state":"ENABLED","replicationStatus":{"automatic":{}},"etag":"\"16484861c37e37\""}
[debug] [2026-01-13T18:08:47.834Z] Checked if tokens are valid: true, expires at: 1768328738487
[debug] [2026-01-13T18:08:47.834Z] Checked if tokens are valid: true, expires at: 1768328738487
[debug] [2026-01-13T18:08:47.834Z] >>> [apiv2][query] GET https://secretmanager.googleapis.com/v1/projects/scouting-481000/secrets/GOOGLE_PRIVATE_KEY [none]
[debug] [2026-01-13T18:08:47.909Z] <<< [apiv2][status] GET https://secretmanager.googleapis.com/v1/projects/scouting-481000/secrets/GOOGLE_PRIVATE_KEY 200
[debug] [2026-01-13T18:08:47.909Z] <<< [apiv2][body] GET https://secretmanager.googleapis.com/v1/projects/scouting-481000/secrets/GOOGLE_PRIVATE_KEY {"name":"projects/583080414646/secrets/GOOGLE_PRIVATE_KEY","replication":{"automatic":{}},"createTime":"2026-01-13T17:33:20.145911Z","labels":{"firebase-managed":"functions"},"etag":"\"1648486340d848\""}
[debug] [2026-01-13T18:08:47.910Z] Checked if tokens are valid: true, expires at: 1768328738487
[debug] [2026-01-13T18:08:47.910Z] Checked if tokens are valid: true, expires at: 1768328738487
[debug] [2026-01-13T18:08:47.910Z] >>> [apiv2][query] GET https://secretmanager.googleapis.com/v1/projects/scouting-481000/secrets/GOOGLE_PRIVATE_KEY/versions/latest [none]
[debug] [2026-01-13T18:08:47.972Z] <<< [apiv2][status] GET https://secretmanager.googleapis.com/v1/projects/scouting-481000/secrets/GOOGLE_PRIVATE_KEY/versions/latest 200
[debug] [2026-01-13T18:08:47.972Z] <<< [apiv2][body] GET https://secretmanager.googleapis.com/v1/projects/scouting-481000/secrets/GOOGLE_PRIVATE_KEY/versions/latest {"name":"projects/583080414646/secrets/GOOGLE_PRIVATE_KEY/versions/1","createTime":"2026-01-13T17:33:20.542142Z","state":"ENABLED","replicationStatus":{"automatic":{}},"etag":"\"16484863447dbe\""}
[debug] [2026-01-13T18:08:47.972Z] Checked if tokens are valid: true, expires at: 1768328738487
[debug] [2026-01-13T18:08:47.972Z] Checked if tokens are valid: true, expires at: 1768328738487
[debug] [2026-01-13T18:08:47.973Z] >>> [apiv2][query] GET https://secretmanager.googleapis.com/v1/projects/scouting-481000/secrets/TBA_AUTH_KEY [none]
[debug] [2026-01-13T18:08:48.020Z] <<< [apiv2][status] GET https://secretmanager.googleapis.com/v1/projects/scouting-481000/secrets/TBA_AUTH_KEY 200
[debug] [2026-01-13T18:08:48.020Z] <<< [apiv2][body] GET https://secretmanager.googleapis.com/v1/projects/scouting-481000/secrets/TBA_AUTH_KEY {"name":"projects/583080414646/secrets/TBA_AUTH_KEY","replication":{"automatic":{}},"createTime":"2026-01-13T17:33:56.070138Z","labels":{"firebase-managed":"functions"},"etag":"\"164848656448db\""}
[debug] [2026-01-13T18:08:48.020Z] Checked if tokens are valid: true, expires at: 1768328738487
[debug] [2026-01-13T18:08:48.020Z] Checked if tokens are valid: true, expires at: 1768328738487
[debug] [2026-01-13T18:08:48.021Z] >>> [apiv2][query] GET https://secretmanager.googleapis.com/v1/projects/scouting-481000/secrets/TBA_AUTH_KEY/versions/latest [none]
[debug] [2026-01-13T18:08:48.083Z] <<< [apiv2][status] GET https://secretmanager.googleapis.com/v1/projects/scouting-481000/secrets/TBA_AUTH_KEY/versions/latest 200
[debug] [2026-01-13T18:08:48.083Z] <<< [apiv2][body] GET https://secretmanager.googleapis.com/v1/projects/scouting-481000/secrets/TBA_AUTH_KEY/versions/latest {"name":"projects/583080414646/secrets/TBA_AUTH_KEY/versions/1","createTime":"2026-01-13T17:33:56.449720Z","state":"ENABLED","replicationStatus":{"automatic":{}},"etag":"\"164848656865b8\""}
[info] i  functions: preparing functions directory for uploading... 
[info] i  functions: packaged C:\Users\kenny\Documents\2158ScoutingWebsite\functions (69.74 KB) for uploading 
[debug] [2026-01-13T18:08:48.141Z] Checked if tokens are valid: true, expires at: 1768328738487
[debug] [2026-01-13T18:08:48.141Z] Checked if tokens are valid: true, expires at: 1768328738487
[debug] [2026-01-13T18:08:48.141Z] >>> [apiv2][query] GET https://cloudfunctions.googleapis.com/v1/projects/scouting-481000/locations/-/functions [none]
[debug] [2026-01-13T18:08:48.667Z] <<< [apiv2][status] GET https://cloudfunctions.googleapis.com/v1/projects/scouting-481000/locations/-/functions 200
[debug] [2026-01-13T18:08:48.667Z] <<< [apiv2][body] GET https://cloudfunctions.googleapis.com/v1/projects/scouting-481000/locations/-/functions {}
[debug] [2026-01-13T18:08:48.668Z] Checked if tokens are valid: true, expires at: 1768328738487
[debug] [2026-01-13T18:08:48.668Z] Checked if tokens are valid: true, expires at: 1768328738487
[debug] [2026-01-13T18:08:48.668Z] >>> [apiv2][query] GET https://cloudfunctions.googleapis.com/v2/projects/scouting-481000/locations/-/functions filter=environment%3D%22GEN_2%22
[debug] [2026-01-13T18:08:49.024Z] <<< [apiv2][status] GET https://cloudfunctions.googleapis.com/v2/projects/scouting-481000/locations/-/functions 200
[debug] [2026-01-13T18:08:49.025Z] <<< [apiv2][body] GET https://cloudfunctions.googleapis.com/v2/projects/scouting-481000/locations/-/functions {"functions":[{"name":"projects/scouting-481000/locations/us-central1/functions/api","buildConfig":{"build":"projects/583080414646/locations/us-central1/builds/c38a8b94-dc82-4b44-b051-54a81ab0c3e0","runtime":"nodejs24","entryPoint":"api","source":{"storageSource":{"bucket":"gcf-v2-sources-583080414646-us-central1","object":"api/function-source.zip","generation":"1768326019144004"}},"environmentVariables":{"GOOGLE_NODE_RUN_SCRIPTS":""},"dockerRepository":"projects/scouting-481000/locations/us-central1/repositories/gcf-artifacts","sourceProvenance":{"resolvedStorageSource":{"bucket":"gcf-v2-sources-583080414646-us-central1","object":"api/function-source.zip","generation":"1768326019144004"}},"dockerRegistry":"ARTIFACT_REGISTRY","serviceAccount":"projects/scouting-481000/serviceAccounts/583080414646-compute@developer.gserviceaccount.com","automaticUpdatePolicy":{}},"serviceConfig":{"service":"projects/scouting-481000/locations/us-central1/services/api","timeoutSeconds":60,"environmentVariables":{"FIREBASE_CONFIG":"{\"projectId\":\"scouting-481000\",\"storageBucket\":\"scouting-481000.firebasestorage.app\"}","GCLOUD_PROJECT":"scouting-481000","EVENTARC_CLOUD_EVENT_SOURCE":"projects/scouting-481000/locations/us-central1/services/api","FUNCTION_TARGET":"api","LOG_EXECUTION_ID":"true"},"maxInstanceCount":20,"ingressSettings":"ALLOW_ALL","uri":"https://api-2sv4ordija-uc.a.run.app","serviceAccountEmail":"583080414646-compute@developer.gserviceaccount.com","availableMemory":"256Mi","allTrafficOnLatestRevision":true,"secretEnvironmentVariables":[{"key":"GOOGLE_SERVICE_ACCOUNT_EMAIL","projectId":"scouting-481000","secret":"GOOGLE_SERVICE_ACCOUNT_EMAIL","version":"1"},{"key":"GOOGLE_PRIVATE_KEY","projectId":"scouting-481000","secret":"GOOGLE_PRIVATE_KEY","version":"1"},{"key":"TBA_AUTH_KEY","projectId":"scouting-481000","secret":"TBA_AUTH_KEY","version":"1"}],"revision":"api-00002-fer","maxInstanceRequestConcurrency":80,"availableCpu":"1"},"state":"ACTIVE","updateTime":"2026-01-13T17:43:50.787090595Z","labels":{"firebase-functions-hash":"51983ded8cf676f4ace3b519bac0d7f77703d7c3","deployment-tool":"cli-firebase"},"environment":"GEN_2","url":"https://us-central1-scouting-481000.cloudfunctions.net/api","createTime":"2026-01-13T17:34:15.100959124Z","satisfiesPzi":true}]}
[info] i  functions: ensuring required API run.googleapis.com is enabled... 
[info] i  functions: ensuring required API eventarc.googleapis.com is enabled... 
[info] i  functions: ensuring required API pubsub.googleapis.com is enabled... 
[info] i  functions: ensuring required API storage.googleapis.com is enabled... 
[info] i  functions: generating the service identity for pubsub.googleapis.com... 
[debug] [2026-01-13T18:08:49.038Z] Checked if tokens are valid: true, expires at: 1768328738487
[debug] [2026-01-13T18:08:49.038Z] Checked if tokens are valid: true, expires at: 1768328738487
[info] i  functions: generating the service identity for eventarc.googleapis.com... 
[debug] [2026-01-13T18:08:49.039Z] Checked if tokens are valid: true, expires at: 1768328738487
[debug] [2026-01-13T18:08:49.040Z] Checked if tokens are valid: true, expires at: 1768328738487
[debug] [2026-01-13T18:08:49.040Z] >>> [apiv2][query] POST https://serviceusage.googleapis.com/v1beta1/projects/583080414646/services/pubsub.googleapis.com:generateServiceIdentity [none]
[debug] [2026-01-13T18:08:49.040Z] >>> [apiv2][(partial)header] POST https://serviceusage.googleapis.com/v1beta1/projects/583080414646/services/pubsub.googleapis.com:generateServiceIdentity x-goog-quota-user=projects/583080414646
[debug] [2026-01-13T18:08:49.041Z] >>> [apiv2][body] POST https://serviceusage.googleapis.com/v1beta1/projects/583080414646/services/pubsub.googleapis.com:generateServiceIdentity {}
[debug] [2026-01-13T18:08:49.044Z] >>> [apiv2][query] POST https://serviceusage.googleapis.com/v1beta1/projects/583080414646/services/eventarc.googleapis.com:generateServiceIdentity [none]
[debug] [2026-01-13T18:08:49.044Z] >>> [apiv2][(partial)header] POST https://serviceusage.googleapis.com/v1beta1/projects/583080414646/services/eventarc.googleapis.com:generateServiceIdentity x-goog-quota-user=projects/583080414646
[debug] [2026-01-13T18:08:49.044Z] >>> [apiv2][body] POST https://serviceusage.googleapis.com/v1beta1/projects/583080414646/services/eventarc.googleapis.com:generateServiceIdentity {}
[debug] [2026-01-13T18:08:49.394Z] <<< [apiv2][status] POST https://serviceusage.googleapis.com/v1beta1/projects/583080414646/services/pubsub.googleapis.com:generateServiceIdentity 200
[debug] [2026-01-13T18:08:49.395Z] <<< [apiv2][body] POST https://serviceusage.googleapis.com/v1beta1/projects/583080414646/services/pubsub.googleapis.com:generateServiceIdentity {"name":"operations/finished.DONE_OPERATION","done":true,"response":{"@type":"type.googleapis.com/google.api.serviceusage.v1beta1.ServiceIdentity","email":"service-583080414646@gcp-sa-pubsub.iam.gserviceaccount.com","uniqueId":"104642219748885937577"}}
[debug] [2026-01-13T18:08:49.461Z] <<< [apiv2][status] POST https://serviceusage.googleapis.com/v1beta1/projects/583080414646/services/eventarc.googleapis.com:generateServiceIdentity 200
[debug] [2026-01-13T18:08:49.462Z] <<< [apiv2][body] POST https://serviceusage.googleapis.com/v1beta1/projects/583080414646/services/eventarc.googleapis.com:generateServiceIdentity {"name":"operations/finished.DONE_OPERATION","done":true,"response":{"@type":"type.googleapis.com/google.api.serviceusage.v1beta1.ServiceIdentity","email":"service-583080414646@gcp-sa-eventarc.iam.gserviceaccount.com","uniqueId":"117592028485963686389"}}
[info] i  functions: ensuring required API secretmanager.googleapis.com is enabled... 
[debug] [2026-01-13T18:08:49.467Z] Checked if tokens are valid: true, expires at: 1768328738487
[debug] [2026-01-13T18:08:49.467Z] Checked if tokens are valid: true, expires at: 1768328738487
[debug] [2026-01-13T18:08:49.467Z] Checked if tokens are valid: true, expires at: 1768328738487
[debug] [2026-01-13T18:08:49.467Z] Checked if tokens are valid: true, expires at: 1768328738487
[debug] [2026-01-13T18:08:49.467Z] Checked if tokens are valid: true, expires at: 1768328738487
[debug] [2026-01-13T18:08:49.468Z] Checked if tokens are valid: true, expires at: 1768328738487
[debug] [2026-01-13T18:08:49.468Z] >>> [apiv2][query] GET https://secretmanager.googleapis.com/v1/projects/scouting-481000/secrets/GOOGLE_SERVICE_ACCOUNT_EMAIL/versions/latest [none]
[debug] [2026-01-13T18:08:49.469Z] >>> [apiv2][query] GET https://secretmanager.googleapis.com/v1/projects/scouting-481000/secrets/GOOGLE_PRIVATE_KEY/versions/latest [none]
[debug] [2026-01-13T18:08:49.472Z] >>> [apiv2][query] GET https://secretmanager.googleapis.com/v1/projects/scouting-481000/secrets/TBA_AUTH_KEY/versions/latest [none]
[debug] [2026-01-13T18:08:49.528Z] <<< [apiv2][status] GET https://secretmanager.googleapis.com/v1/projects/scouting-481000/secrets/GOOGLE_SERVICE_ACCOUNT_EMAIL/versions/latest 200
[debug] [2026-01-13T18:08:49.528Z] <<< [apiv2][body] GET https://secretmanager.googleapis.com/v1/projects/scouting-481000/secrets/GOOGLE_SERVICE_ACCOUNT_EMAIL/versions/latest {"name":"projects/583080414646/secrets/GOOGLE_SERVICE_ACCOUNT_EMAIL/versions/1","createTime":"2026-01-13T17:32:55.310903Z","state":"ENABLED","replicationStatus":{"automatic":{}},"etag":"\"16484861c37e37\""}
[debug] [2026-01-13T18:08:49.529Z] Resolved secret version of GOOGLE_SERVICE_ACCOUNT_EMAIL to 1.
[debug] [2026-01-13T18:08:49.574Z] <<< [apiv2][status] GET https://secretmanager.googleapis.com/v1/projects/scouting-481000/secrets/TBA_AUTH_KEY/versions/latest 200
[debug] [2026-01-13T18:08:49.574Z] <<< [apiv2][body] GET https://secretmanager.googleapis.com/v1/projects/scouting-481000/secrets/TBA_AUTH_KEY/versions/latest {"name":"projects/583080414646/secrets/TBA_AUTH_KEY/versions/1","createTime":"2026-01-13T17:33:56.449720Z","state":"ENABLED","replicationStatus":{"automatic":{}},"etag":"\"164848656865b8\""}
[debug] [2026-01-13T18:08:49.574Z] Resolved secret version of TBA_AUTH_KEY to 1.
[debug] [2026-01-13T18:08:49.575Z] <<< [apiv2][status] GET https://secretmanager.googleapis.com/v1/projects/scouting-481000/secrets/GOOGLE_PRIVATE_KEY/versions/latest 200
[debug] [2026-01-13T18:08:49.575Z] <<< [apiv2][body] GET https://secretmanager.googleapis.com/v1/projects/scouting-481000/secrets/GOOGLE_PRIVATE_KEY/versions/latest {"name":"projects/583080414646/secrets/GOOGLE_PRIVATE_KEY/versions/1","createTime":"2026-01-13T17:33:20.542142Z","state":"ENABLED","replicationStatus":{"automatic":{}},"etag":"\"16484863447dbe\""}
[debug] [2026-01-13T18:08:49.575Z] Resolved secret version of GOOGLE_PRIVATE_KEY to 1.
[debug] [2026-01-13T18:08:49.577Z] Checked if tokens are valid: true, expires at: 1768328738487
[debug] [2026-01-13T18:08:49.578Z] Checked if tokens are valid: true, expires at: 1768328738487
[debug] [2026-01-13T18:08:49.578Z] >>> [apiv2][query] GET https://cloudresourcemanager.googleapis.com/v1/projects/scouting-481000 [none]
[debug] [2026-01-13T18:08:49.652Z] <<< [apiv2][status] GET https://cloudresourcemanager.googleapis.com/v1/projects/scouting-481000 200
[debug] [2026-01-13T18:08:49.653Z] <<< [apiv2][body] GET https://cloudresourcemanager.googleapis.com/v1/projects/scouting-481000 {"projectNumber":"583080414646","projectId":"scouting-481000","lifecycleState":"ACTIVE","name":"2158scouting","labels":{"firebase":"enabled","firebase-core":"disabled"},"createTime":"2025-12-12T00:03:15.557361Z"}
[debug] [2026-01-13T18:08:49.654Z] Checked if tokens are valid: true, expires at: 1768328738487
[debug] [2026-01-13T18:08:49.654Z] Checked if tokens are valid: true, expires at: 1768328738487
[debug] [2026-01-13T18:08:49.654Z] >>> [apiv2][query] GET https://compute.googleapis.com/compute/v1/projects/583080414646 [none]
[debug] [2026-01-13T18:08:49.827Z] <<< [apiv2][status] GET https://compute.googleapis.com/compute/v1/projects/583080414646 403
[debug] [2026-01-13T18:08:49.827Z] <<< [apiv2][body] GET https://compute.googleapis.com/compute/v1/projects/583080414646 {"error":{"code":403,"message":"Compute Engine API has not been used in project 583080414646 before or it is disabled. Enable it by visiting https://console.developers.google.com/apis/api/compute.googleapis.com/overview?project=583080414646 then retry. If you enabled this API recently, wait a few minutes for the action to propagate to our systems and retry.","errors":[{"message":"Compute Engine API has not been used in project 583080414646 before or it is disabled. Enable it by visiting https://console.developers.google.com/apis/api/compute.googleapis.com/overview?project=583080414646 then retry. If you enabled this API recently, wait a few minutes for the action to propagate to our systems and retry.","domain":"usageLimits","reason":"accessNotConfigured","extendedHelp":"https://console.developers.google.com"}],"status":"PERMISSION_DENIED","details":[{"@type":"type.googleapis.com/google.rpc.ErrorInfo","reason":"SERVICE_DISABLED","domain":"googleapis.com","metadata":{"consumer":"projects/583080414646","serviceTitle":"Compute Engine API","containerInfo":"583080414646","service":"compute.googleapis.com","activationUrl":"https://console.developers.google.com/apis/api/compute.googleapis.com/overview?project=583080414646"}},{"@type":"type.googleapis.com/google.rpc.LocalizedMessage","locale":"en-US","message":"Compute Engine API has not been used in project 583080414646 before or it is disabled. Enable it by visiting https://console.developers.google.com/apis/api/compute.googleapis.com/overview?project=583080414646 then retry. If you enabled this API recently, wait a few minutes for the action to propagate to our systems and retry."},{"@type":"type.googleapis.com/google.rpc.Help","links":[{"description":"Google developers console API activation","url":"https://console.developers.google.com/apis/api/compute.googleapis.com/overview?project=583080414646"}]}]}}
[debug] [2026-01-13T18:08:49.828Z] unable to look up default compute service account. Falling back to 583080414646-compute@developer.gserviceaccount.com. Error: {"name":"FirebaseError","children":[],"context":{"body":{"error":{"code":403,"message":"Compute Engine API has not been used in project 583080414646 before or it is disabled. Enable it by visiting https://console.developers.google.com/apis/api/compute.googleapis.com/overview?project=583080414646 then retry. If you enabled this API recently, wait a few minutes for the action to propagate to our systems and retry.","errors":[{"message":"Compute Engine API has not been used in project 583080414646 before or it is disabled. Enable it by visiting https://console.developers.google.com/apis/api/compute.googleapis.com/overview?project=583080414646 then retry. If you enabled this API recently, wait a few minutes for the action to propagate to our systems and retry.","domain":"usageLimits","reason":"accessNotConfigured","extendedHelp":"https://console.developers.google.com"}],"status":"PERMISSION_DENIED","details":[{"@type":"type.googleapis.com/google.rpc.ErrorInfo","reason":"SERVICE_DISABLED","domain":"googleapis.com","metadata":{"consumer":"projects/583080414646","serviceTitle":"Compute Engine API","containerInfo":"583080414646","service":"compute.googleapis.com","activationUrl":"https://console.developers.google.com/apis/api/compute.googleapis.com/overview?project=583080414646"}},{"@type":"type.googleapis.com/google.rpc.LocalizedMessage","locale":"en-US","message":"Compute Engine API has not been used in project 583080414646 before or it is disabled. Enable it by visiting https://console.developers.google.com/apis/api/compute.googleapis.com/overview?project=583080414646 then retry. If you enabled this API recently, wait a few minutes for the action to propagate to our systems and retry."},{"@type":"type.googleapis.com/google.rpc.Help","links":[{"description":"Google developers console API activation","url":"https://console.developers.google.com/apis/api/compute.googleapis.com/overview?project=583080414646"}]}]}},"response":{"statusCode":403}},"exit":1,"message":"Request to https://compute.googleapis.com/compute/v1/projects/583080414646 had HTTP Error: 403, Compute Engine API has not been used in project 583080414646 before or it is disabled. Enable it by visiting https://console.developers.google.com/apis/api/compute.googleapis.com/overview?project=583080414646 then retry. If you enabled this API recently, wait a few minutes for the action to propagate to our systems and retry.","status":403}
[debug] [2026-01-13T18:08:49.835Z] Checked if tokens are valid: true, expires at: 1768328738487
[debug] [2026-01-13T18:08:49.836Z] Checked if tokens are valid: true, expires at: 1768328738487
[debug] [2026-01-13T18:08:49.836Z] >>> [apiv2][query] POST https://firebasehosting.googleapis.com/v1beta1/projects/-/sites/scouting-481000/versions [none]
[debug] [2026-01-13T18:08:49.837Z] >>> [apiv2][body] POST https://firebasehosting.googleapis.com/v1beta1/projects/-/sites/scouting-481000/versions {"status":"CREATED","labels":{"deployment-tool":"cli-firebase"}}
[debug] [2026-01-13T18:08:50.205Z] <<< [apiv2][status] POST https://firebasehosting.googleapis.com/v1beta1/projects/-/sites/scouting-481000/versions 200
[debug] [2026-01-13T18:08:50.205Z] <<< [apiv2][body] POST https://firebasehosting.googleapis.com/v1beta1/projects/-/sites/scouting-481000/versions {"name":"projects/583080414646/sites/scouting-481000/versions/5a013e06d003b300","status":"CREATED","config":{},"labels":{"deployment-tool":"cli-firebase"}}
[debug] [2026-01-13T18:08:50.207Z] Checked if tokens are valid: true, expires at: 1768328738487
[debug] [2026-01-13T18:08:50.207Z] Checked if tokens are valid: true, expires at: 1768328738487
[debug] [2026-01-13T18:08:50.208Z] >>> [apiv2][query] GET https://cloudbilling.googleapis.com/v1/projects/scouting-481000/billingInfo [none]
[debug] [2026-01-13T18:08:50.359Z] <<< [apiv2][status] GET https://cloudbilling.googleapis.com/v1/projects/scouting-481000/billingInfo 200
[debug] [2026-01-13T18:08:50.360Z] <<< [apiv2][body] GET https://cloudbilling.googleapis.com/v1/projects/scouting-481000/billingInfo {"name":"projects/scouting-481000/billingInfo","projectId":"scouting-481000","billingAccountName":"billingAccounts/01C9D0-197870-E2E980","billingEnabled":true}
[debug] [2026-01-13T18:08:50.363Z] Checked if tokens are valid: true, expires at: 1768328738487
[debug] [2026-01-13T18:08:50.363Z] Checked if tokens are valid: true, expires at: 1768328738487
[debug] [2026-01-13T18:08:50.363Z] >>> [apiv2][query] POST https://cloudfunctions.googleapis.com/v2/projects/scouting-481000/locations/us-central1/functions:generateUploadUrl [none]
[debug] [2026-01-13T18:08:50.510Z] <<< [apiv2][status] POST https://cloudfunctions.googleapis.com/v2/projects/scouting-481000/locations/us-central1/functions:generateUploadUrl 200
[debug] [2026-01-13T18:08:50.511Z] <<< [apiv2][body] POST https://cloudfunctions.googleapis.com/v2/projects/scouting-481000/locations/us-central1/functions:generateUploadUrl {"uploadUrl":"https://storage.googleapis.com/gcf-v2-uploads-583080414646.us-central1.cloudfunctions.appspot.com/7f39f114-171f-483d-8b69-cefc5cfcf603.zip?GoogleAccessId=service-583080414646@gcf-admin-robot.iam.gserviceaccount.com&Expires=1768329519&Signature=GA3YQFO%2FLMtBOi7%2BW9OPOBXMyWEtPhE5Lpq%2BvQM5BRT7NJdflOSPj4QpHZpxg6Y0Oyci0F7nN5KZxDceF0NncJHQhAklPUp7iuhfjEuarMcm8hXUkBbEee%2FCaAJAsVrt4SdwrS1XMSEySiZWfTj%2FATIiRbpuMr93HoyhfBRwFT0HYL%2BnQHcYtWXl1S8fg6a8g5P4hfBdzLDRAYPb%2FseoEdOE284BAn5UaMfcqwkmSAUZyXTnrU3lp61ka2ew4XRrL%2FECLb12YUFKliF4s%2B8dhGFSdxMmXk6XKcTU4X%2F1uANFrOa0padaD%2FmQpVy5C%2FJFDsqcgYReyelSjFfmXu7eCQ%3D%3D","storageSource":{"bucket":"gcf-v2-uploads-583080414646.us-central1.cloudfunctions.appspot.com","object":"7f39f114-171f-483d-8b69-cefc5cfcf603.zip"}}
[debug] [2026-01-13T18:08:50.512Z] >>> [apiv2][query] PUT https://storage.googleapis.com/gcf-v2-uploads-583080414646.us-central1.cloudfunctions.appspot.com/7f39f114-171f-483d-8b69-cefc5cfcf603.zip GoogleAccessId=service-583080414646%40gcf-admin-robot.iam.gserviceaccount.com&Expires=1768329519&Signature=GA3YQFO%2FLMtBOi7%2BW9OPOBXMyWEtPhE5Lpq%2BvQM5BRT7NJdflOSPj4QpHZpxg6Y0Oyci0F7nN5KZxDceF0NncJHQhAklPUp7iuhfjEuarMcm8hXUkBbEee%2FCaAJAsVrt4SdwrS1XMSEySiZWfTj%2FATIiRbpuMr93HoyhfBRwFT0HYL%2BnQHcYtWXl1S8fg6a8g5P4hfBdzLDRAYPb%2FseoEdOE284BAn5UaMfcqwkmSAUZyXTnrU3lp61ka2ew4XRrL%2FECLb12YUFKliF4s%2B8dhGFSdxMmXk6XKcTU4X%2F1uANFrOa0padaD%2FmQpVy5C%2FJFDsqcgYReyelSjFfmXu7eCQ%3D%3D
[debug] [2026-01-13T18:08:50.512Z] >>> [apiv2][body] PUT https://storage.googleapis.com/gcf-v2-uploads-583080414646.us-central1.cloudfunctions.appspot.com/7f39f114-171f-483d-8b69-cefc5cfcf603.zip [stream]
[debug] [2026-01-13T18:08:50.803Z] <<< [apiv2][status] PUT https://storage.googleapis.com/gcf-v2-uploads-583080414646.us-central1.cloudfunctions.appspot.com/7f39f114-171f-483d-8b69-cefc5cfcf603.zip 200
[debug] [2026-01-13T18:08:50.803Z] <<< [apiv2][body] PUT https://storage.googleapis.com/gcf-v2-uploads-583080414646.us-central1.cloudfunctions.appspot.com/7f39f114-171f-483d-8b69-cefc5cfcf603.zip [omitted]
[info] +  functions: functions source uploaded successfully 
[info] i  hosting[scouting-481000]: beginning deploy... 
[info] i  hosting[scouting-481000]: found 15 files in public 
[debug] [2026-01-13T18:08:50.885Z] [hosting] uploading with 200 concurrency
[debug] [2026-01-13T18:08:50.892Z] Checked if tokens are valid: true, expires at: 1768328738487
[debug] [2026-01-13T18:08:50.892Z] Checked if tokens are valid: true, expires at: 1768328738487
[debug] [2026-01-13T18:08:50.894Z] [hosting] hash cache [cHVibGlj] stored for 15 files
[debug] [2026-01-13T18:08:50.894Z] [hosting][hash queue][FINAL] {"max":3,"min":0,"avg":0,"active":0,"complete":15,"success":15,"errored":0,"retried":0,"total":15,"elapsed":6}
[debug] [2026-01-13T18:08:50.895Z] >>> [apiv2][query] POST https://firebasehosting.googleapis.com/v1beta1/projects/583080414646/sites/scouting-481000/versions/5a013e06d003b300:populateFiles [none]
[debug] [2026-01-13T18:08:50.895Z] >>> [apiv2][body] POST https://firebasehosting.googleapis.com/v1beta1/projects/583080414646/sites/scouting-481000/versions/5a013e06d003b300:populateFiles {"files":{"/index.html":"a977165a49ae8bed828658297d2cd6dd2fc4daa8fab44f209b07e3b56d9936b1","/data.html":"c287bc18d0d686d4cbd724ea8fd8b63390e6ea84b8a043c376d85397d0ddc73e","/404.html":"41d1e074106979fb6591ec6953bfe5ace2788be22f0ed4189bd54905ebb5b44d","/js/loadData.js":"932db2d1ce72c87dca425f3a6dfc4360ebd301b536d51c18ae7cad0ff1bac290","/js/index.js":"616c7c5269733a2e829ed6648939880f799b0408eac0a9ef961a50ec050ea6fd","/js/data.js":"dad806fe8ccc9f0f34a4cb8c3d6a16d507c6a338fa03c418655886c6fa403f08","/img/field_2025_red.png":"26b32337f2bfe2e5b9e95acd879cd7296dc20f1a6bd06cbe38e7eda2887b108d","/img/field_2025_blue.png":"62f0af443d1310da121b39023030e598c7c4a2ed9748030a76fb28187e61c639","/css/style.css.map":"64da24368832726862233b0b1fa6aba12c83381b31b04581fee9357b702109a8","/css/style.css":"619a740c9c243b4c44358f7e90637e063255b3751f92d4f8954196ed43113b45","/css/data.css.map":"26099d8cc07d2322d59d9d60f17aa799e94577f8194c2d4a25270338d47c1b93","/css/data.css":"85c795a95f4eaf06760a97e5fa44b3acfadc7b78d48b45d04a49932ede8fc403","/configs/schema.json":"2f6e93085d6d35b703475d0490e5b1185853b15f002a6364d53808c02e90f2a6","/configs/2026.json":"1a07df704331cbf933fdb0ecc1735a58d2e7799039e775a980edb02bed2669d5","/configs/2025.json":"8e9b070bf0fe80b909718efaf3370bbb714710949b98dc1f0ef7f617064fde08"}}
[debug] [2026-01-13T18:08:51.019Z] <<< [apiv2][status] POST https://firebasehosting.googleapis.com/v1beta1/projects/583080414646/sites/scouting-481000/versions/5a013e06d003b300:populateFiles 200
[debug] [2026-01-13T18:08:51.020Z] <<< [apiv2][body] POST https://firebasehosting.googleapis.com/v1beta1/projects/583080414646/sites/scouting-481000/versions/5a013e06d003b300:populateFiles {"uploadUrl":"https://upload-firebasehosting.googleapis.com/upload/sites/scouting-481000/versions/5a013e06d003b300/files"}
[debug] [2026-01-13T18:08:51.021Z] [hosting][populate queue][FINAL] {"max":129,"min":129,"avg":129,"active":0,"complete":1,"success":1,"errored":0,"retried":0,"total":1,"elapsed":129}
[debug] [2026-01-13T18:08:51.021Z] [hosting] uploads queued: 0
[debug] [2026-01-13T18:08:51.022Z] [hosting][upload queue][FINAL] {"max":0,"min":9999999999,"avg":0,"active":0,"complete":0,"success":0,"errored":0,"retried":0,"total":0,"elapsed":1768327731022}
[info] +  hosting[scouting-481000]: file upload complete 
[debug] [2026-01-13T18:08:51.025Z] [hosting] deploy completed after 199ms
[info] i  functions: updating Node.js 24 (2nd Gen) function api(us-central1)... 
[debug] [2026-01-13T18:08:51.040Z] Checked if tokens are valid: true, expires at: 1768328738487
[debug] [2026-01-13T18:08:51.041Z] Checked if tokens are valid: true, expires at: 1768328738487
[debug] [2026-01-13T18:08:51.042Z] >>> [apiv2][query] PATCH https://cloudfunctions.googleapis.com/v2/projects/scouting-481000/locations/us-central1/functions/api updateMask=name%2CbuildConfig.runtime%2CbuildConfig.entryPoint%2CbuildConfig.source.storageSource.bucket%2CbuildConfig.source.storageSource.object%2CbuildConfig.environmentVariables%2CbuildConfig.sourceToken%2CserviceConfig.environmentVariables%2CserviceConfig.secretEnvironmentVariables%2CserviceConfig.ingressSettings%2CserviceConfig.timeoutSeconds%2CserviceConfig.serviceAccountEmail%2CserviceConfig.availableMemory%2CserviceConfig.minInstanceCount%2CserviceConfig.maxInstanceCount%2CserviceConfig.maxInstanceRequestConcurrency%2CserviceConfig.availableCpu%2CserviceConfig.vpcConnector%2CserviceConfig.vpcConnectorEgressSettings%2Clabels
[debug] [2026-01-13T18:08:51.042Z] >>> [apiv2][body] PATCH https://cloudfunctions.googleapis.com/v2/projects/scouting-481000/locations/us-central1/functions/api {"name":"projects/scouting-481000/locations/us-central1/functions/api","buildConfig":{"runtime":"nodejs24","entryPoint":"api","source":{"storageSource":{"bucket":"gcf-v2-uploads-583080414646.us-central1.cloudfunctions.appspot.com","object":"7f39f114-171f-483d-8b69-cefc5cfcf603.zip"}},"environmentVariables":{"GOOGLE_NODE_RUN_SCRIPTS":""}},"serviceConfig":{"environmentVariables":{"FIREBASE_CONFIG":"{\"projectId\":\"scouting-481000\",\"storageBucket\":\"scouting-481000.firebasestorage.app\"}","GCLOUD_PROJECT":"scouting-481000","EVENTARC_CLOUD_EVENT_SOURCE":"projects/scouting-481000/locations/us-central1/services/api","FUNCTION_TARGET":"api","LOG_EXECUTION_ID":"true"},"secretEnvironmentVariables":[{"key":"GOOGLE_SERVICE_ACCOUNT_EMAIL","secret":"GOOGLE_SERVICE_ACCOUNT_EMAIL","projectId":"scouting-481000","version":"1"},{"key":"GOOGLE_PRIVATE_KEY","secret":"GOOGLE_PRIVATE_KEY","projectId":"scouting-481000","version":"1"},{"key":"TBA_AUTH_KEY","secret":"TBA_AUTH_KEY","projectId":"scouting-481000","version":"1"}],"ingressSettings":null,"timeoutSeconds":null,"serviceAccountEmail":null,"availableMemory":"256Mi","minInstanceCount":null,"maxInstanceCount":null,"maxInstanceRequestConcurrency":80,"availableCpu":"1","vpcConnector":null,"vpcConnectorEgressSettings":null},"labels":{"deployment-tool":"cli-firebase","firebase-functions-hash":"5c552943b3ca905450ab04dfb52dec8895bfe7e9"}}
[debug] [2026-01-13T18:08:51.891Z] <<< [apiv2][status] PATCH https://cloudfunctions.googleapis.com/v2/projects/scouting-481000/locations/us-central1/functions/api 200
[debug] [2026-01-13T18:08:51.892Z] <<< [apiv2][body] PATCH https://cloudfunctions.googleapis.com/v2/projects/scouting-481000/locations/us-central1/functions/api {"name":"projects/scouting-481000/locations/us-central1/operations/operation-1768327720507-64848e1a099ee-bf01e1ae-46cd4f33","metadata":{"@type":"type.googleapis.com/google.cloud.functions.v2.OperationMetadata","createTime":"2026-01-13T18:08:41.194721235Z","target":"projects/scouting-481000/locations/us-central1/functions/api","verb":"update","cancelRequested":false,"apiVersion":"v2"},"done":false}
[debug] [2026-01-13T18:08:51.893Z] Checked if tokens are valid: true, expires at: 1768328738487
[debug] [2026-01-13T18:08:51.893Z] Checked if tokens are valid: true, expires at: 1768328738487
[debug] [2026-01-13T18:08:51.894Z] >>> [apiv2][query] GET https://cloudfunctions.googleapis.com/v2/projects/scouting-481000/locations/us-central1/operations/operation-1768327720507-64848e1a099ee-bf01e1ae-46cd4f33 [none]
[debug] [2026-01-13T18:08:52.027Z] <<< [apiv2][status] GET https://cloudfunctions.googleapis.com/v2/projects/scouting-481000/locations/us-central1/operations/operation-1768327720507-64848e1a099ee-bf01e1ae-46cd4f33 200
[debug] [2026-01-13T18:08:52.028Z] <<< [apiv2][body] GET https://cloudfunctions.googleapis.com/v2/projects/scouting-481000/locations/us-central1/operations/operation-1768327720507-64848e1a099ee-bf01e1ae-46cd4f33 {"name":"projects/scouting-481000/locations/us-central1/operations/operation-1768327720507-64848e1a099ee-bf01e1ae-46cd4f33","metadata":{"@type":"type.googleapis.com/google.cloud.functions.v2.OperationMetadata","createTime":"2026-01-13T18:08:41.194721235Z","target":"projects/scouting-481000/locations/us-central1/functions/api","verb":"update","cancelRequested":false,"apiVersion":"v2","requestResource":{"@type":"type.googleapis.com/google.cloud.functions.v2.Function","name":"projects/scouting-481000/locations/us-central1/functions/api","buildConfig":{"runtime":"nodejs24","entryPoint":"api","source":{"storageSource":{"bucket":"gcf-v2-sources-583080414646-us-central1","object":"api/function-source.zip","generation":"1768327721141735"}},"environmentVariables":{"GOOGLE_NODE_RUN_SCRIPTS":""},"dockerRepository":"projects/scouting-481000/locations/us-central1/repositories/gcf-artifacts","sourceProvenance":{"resolvedStorageSource":{"bucket":"gcf-v2-sources-583080414646-us-central1","object":"api/function-source.zip","generation":"1768326019144004"}},"dockerRegistry":"ARTIFACT_REGISTRY","serviceAccount":"projects/scouting-481000/serviceAccounts/583080414646-compute@developer.gserviceaccount.com","automaticUpdatePolicy":{}},"serviceConfig":{"service":"projects/scouting-481000/locations/us-central1/services/api","timeoutSeconds":60,"environmentVariables":{"FIREBASE_CONFIG":"{\"projectId\":\"scouting-481000\",\"storageBucket\":\"scouting-481000.firebasestorage.app\"}","GCLOUD_PROJECT":"scouting-481000","EVENTARC_CLOUD_EVENT_SOURCE":"projects/scouting-481000/locations/us-central1/services/api","FUNCTION_TARGET":"api","LOG_EXECUTION_ID":"true"},"ingressSettings":"ALLOW_ALL","uri":"https://api-2sv4ordija-uc.a.run.app","serviceAccountEmail":"583080414646-compute@developer.gserviceaccount.com","availableMemory":"256Mi","allTrafficOnLatestRevision":true,"secretEnvironmentVariables":[{"key":"GOOGLE_SERVICE_ACCOUNT_EMAIL","projectId":"scouting-481000","secret":"GOOGLE_SERVICE_ACCOUNT_EMAIL","version":"1"},{"key":"GOOGLE_PRIVATE_KEY","projectId":"scouting-481000","secret":"GOOGLE_PRIVATE_KEY","version":"1"},{"key":"TBA_AUTH_KEY","projectId":"scouting-481000","secret":"TBA_AUTH_KEY","version":"1"}],"revision":"api-00002-fer","maxInstanceRequestConcurrency":80,"availableCpu":"1"},"state":"ACTIVE","labels":{"deployment-tool":"cloudfunctions","firebase-functions-hash":"5c552943b3ca905450ab04dfb52dec8895bfe7e9"},"environment":"GEN_2","url":"https://us-central1-scouting-481000.cloudfunctions.net/api","satisfiesPzi":true},"stages":[{"name":"BUILD","state":"NOT_STARTED"},{"name":"SERVICE","state":"NOT_STARTED"}],"operationType":"UPDATE_FUNCTION"},"done":false}
[debug] [2026-01-13T18:08:52.541Z] [update-default-us-central1-api] Retrying task index 0
[debug] [2026-01-13T18:08:52.542Z] Checked if tokens are valid: true, expires at: 1768328738487
[debug] [2026-01-13T18:08:52.542Z] Checked if tokens are valid: true, expires at: 1768328738487
[debug] [2026-01-13T18:08:52.542Z] >>> [apiv2][query] GET https://cloudfunctions.googleapis.com/v2/projects/scouting-481000/locations/us-central1/operations/operation-1768327720507-64848e1a099ee-bf01e1ae-46cd4f33 [none]
[debug] [2026-01-13T18:08:52.632Z] <<< [apiv2][status] GET https://cloudfunctions.googleapis.com/v2/projects/scouting-481000/locations/us-central1/operations/operation-1768327720507-64848e1a099ee-bf01e1ae-46cd4f33 200
[debug] [2026-01-13T18:08:52.632Z] <<< [apiv2][body] GET https://cloudfunctions.googleapis.com/v2/projects/scouting-481000/locations/us-central1/operations/operation-1768327720507-64848e1a099ee-bf01e1ae-46cd4f33 {"name":"projects/scouting-481000/locations/us-central1/operations/operation-1768327720507-64848e1a099ee-bf01e1ae-46cd4f33","metadata":{"@type":"type.googleapis.com/google.cloud.functions.v2.OperationMetadata","createTime":"2026-01-13T18:08:41.194721235Z","target":"projects/scouting-481000/locations/us-central1/functions/api","verb":"update","cancelRequested":false,"apiVersion":"v2","requestResource":{"@type":"type.googleapis.com/google.cloud.functions.v2.Function","name":"projects/scouting-481000/locations/us-central1/functions/api","buildConfig":{"runtime":"nodejs24","entryPoint":"api","source":{"storageSource":{"bucket":"gcf-v2-sources-583080414646-us-central1","object":"api/function-source.zip","generation":"1768327721141735"}},"environmentVariables":{"GOOGLE_NODE_RUN_SCRIPTS":""},"dockerRepository":"projects/scouting-481000/locations/us-central1/repositories/gcf-artifacts","sourceProvenance":{"resolvedStorageSource":{"bucket":"gcf-v2-sources-583080414646-us-central1","object":"api/function-source.zip","generation":"1768326019144004"}},"dockerRegistry":"ARTIFACT_REGISTRY","serviceAccount":"projects/scouting-481000/serviceAccounts/583080414646-compute@developer.gserviceaccount.com","automaticUpdatePolicy":{}},"serviceConfig":{"service":"projects/scouting-481000/locations/us-central1/services/api","timeoutSeconds":60,"environmentVariables":{"FIREBASE_CONFIG":"{\"projectId\":\"scouting-481000\",\"storageBucket\":\"scouting-481000.firebasestorage.app\"}","GCLOUD_PROJECT":"scouting-481000","EVENTARC_CLOUD_EVENT_SOURCE":"projects/scouting-481000/locations/us-central1/services/api","FUNCTION_TARGET":"api","LOG_EXECUTION_ID":"true"},"ingressSettings":"ALLOW_ALL","uri":"https://api-2sv4ordija-uc.a.run.app","serviceAccountEmail":"583080414646-compute@developer.gserviceaccount.com","availableMemory":"256Mi","allTrafficOnLatestRevision":true,"secretEnvironmentVariables":[{"key":"GOOGLE_SERVICE_ACCOUNT_EMAIL","projectId":"scouting-481000","secret":"GOOGLE_SERVICE_ACCOUNT_EMAIL","version":"1"},{"key":"GOOGLE_PRIVATE_KEY","projectId":"scouting-481000","secret":"GOOGLE_PRIVATE_KEY","version":"1"},{"key":"TBA_AUTH_KEY","projectId":"scouting-481000","secret":"TBA_AUTH_KEY","version":"1"}],"revision":"api-00002-fer","maxInstanceRequestConcurrency":80,"availableCpu":"1"},"state":"ACTIVE","labels":{"deployment-tool":"cloudfunctions","firebase-functions-hash":"5c552943b3ca905450ab04dfb52dec8895bfe7e9"},"environment":"GEN_2","url":"https://us-central1-scouting-481000.cloudfunctions.net/api","satisfiesPzi":true},"stages":[{"name":"BUILD","message":"Creating build","state":"IN_PROGRESS","resource":"projects/583080414646/locations/us-central1/builds/214f8bce-e27b-4250-ba4d-4202821114c2","resourceUri":"https://console.cloud.google.com/cloud-build/builds;region=us-central1/214f8bce-e27b-4250-ba4d-4202821114c2?project=583080414646"},{"name":"SERVICE","state":"NOT_STARTED"}],"operationType":"UPDATE_FUNCTION","buildName":"projects/583080414646/locations/us-central1/builds/214f8bce-e27b-4250-ba4d-4202821114c2"},"done":false}
[debug] [2026-01-13T18:08:53.642Z] [update-default-us-central1-api] Retrying task index 0
[debug] [2026-01-13T18:08:53.642Z] Checked if tokens are valid: true, expires at: 1768328738487
[debug] [2026-01-13T18:08:53.642Z] Checked if tokens are valid: true, expires at: 1768328738487
[debug] [2026-01-13T18:08:53.642Z] >>> [apiv2][query] GET https://cloudfunctions.googleapis.com/v2/projects/scouting-481000/locations/us-central1/operations/operation-1768327720507-64848e1a099ee-bf01e1ae-46cd4f33 [none]
[debug] [2026-01-13T18:08:53.779Z] <<< [apiv2][status] GET https://cloudfunctions.googleapis.com/v2/projects/scouting-481000/locations/us-central1/operations/operation-1768327720507-64848e1a099ee-bf01e1ae-46cd4f33 200
[debug] [2026-01-13T18:08:53.779Z] <<< [apiv2][body] GET https://cloudfunctions.googleapis.com/v2/projects/scouting-481000/locations/us-central1/operations/operation-1768327720507-64848e1a099ee-bf01e1ae-46cd4f33 {"name":"projects/scouting-481000/locations/us-central1/operations/operation-1768327720507-64848e1a099ee-bf01e1ae-46cd4f33","metadata":{"@type":"type.googleapis.com/google.cloud.functions.v2.OperationMetadata","createTime":"2026-01-13T18:08:41.194721235Z","target":"projects/scouting-481000/locations/us-central1/functions/api","verb":"update","cancelRequested":false,"apiVersion":"v2","requestResource":{"@type":"type.googleapis.com/google.cloud.functions.v2.Function","name":"projects/scouting-481000/locations/us-central1/functions/api","buildConfig":{"runtime":"nodejs24","entryPoint":"api","source":{"storageSource":{"bucket":"gcf-v2-sources-583080414646-us-central1","object":"api/function-source.zip","generation":"1768327721141735"}},"environmentVariables":{"GOOGLE_NODE_RUN_SCRIPTS":""},"dockerRepository":"projects/scouting-481000/locations/us-central1/repositories/gcf-artifacts","sourceProvenance":{"resolvedStorageSource":{"bucket":"gcf-v2-sources-583080414646-us-central1","object":"api/function-source.zip","generation":"1768326019144004"}},"dockerRegistry":"ARTIFACT_REGISTRY","serviceAccount":"projects/scouting-481000/serviceAccounts/583080414646-compute@developer.gserviceaccount.com","automaticUpdatePolicy":{}},"serviceConfig":{"service":"projects/scouting-481000/locations/us-central1/services/api","timeoutSeconds":60,"environmentVariables":{"FIREBASE_CONFIG":"{\"projectId\":\"scouting-481000\",\"storageBucket\":\"scouting-481000.firebasestorage.app\"}","GCLOUD_PROJECT":"scouting-481000","EVENTARC_CLOUD_EVENT_SOURCE":"projects/scouting-481000/locations/us-central1/services/api","FUNCTION_TARGET":"api","LOG_EXECUTION_ID":"true"},"ingressSettings":"ALLOW_ALL","uri":"https://api-2sv4ordija-uc.a.run.app","serviceAccountEmail":"583080414646-compute@developer.gserviceaccount.com","availableMemory":"256Mi","allTrafficOnLatestRevision":true,"secretEnvironmentVariables":[{"key":"GOOGLE_SERVICE_ACCOUNT_EMAIL","projectId":"scouting-481000","secret":"GOOGLE_SERVICE_ACCOUNT_EMAIL","version":"1"},{"key":"GOOGLE_PRIVATE_KEY","projectId":"scouting-481000","secret":"GOOGLE_PRIVATE_KEY","version":"1"},{"key":"TBA_AUTH_KEY","projectId":"scouting-481000","secret":"TBA_AUTH_KEY","version":"1"}],"revision":"api-00002-fer","maxInstanceRequestConcurrency":80,"availableCpu":"1"},"state":"ACTIVE","labels":{"deployment-tool":"cloudfunctions","firebase-functions-hash":"5c552943b3ca905450ab04dfb52dec8895bfe7e9"},"environment":"GEN_2","url":"https://us-central1-scouting-481000.cloudfunctions.net/api","satisfiesPzi":true},"stages":[{"name":"BUILD","message":"Build in progress","state":"IN_PROGRESS","resource":"projects/583080414646/locations/us-central1/builds/214f8bce-e27b-4250-ba4d-4202821114c2","resourceUri":"https://console.cloud.google.com/cloud-build/builds;region=us-central1/214f8bce-e27b-4250-ba4d-4202821114c2?project=583080414646"},{"name":"SERVICE","state":"NOT_STARTED"}],"operationType":"UPDATE_FUNCTION","buildName":"projects/583080414646/locations/us-central1/builds/214f8bce-e27b-4250-ba4d-4202821114c2"},"done":false}
[debug] [2026-01-13T18:08:55.785Z] [update-default-us-central1-api] Retrying task index 0
[debug] [2026-01-13T18:08:55.786Z] Checked if tokens are valid: true, expires at: 1768328738487
[debug] [2026-01-13T18:08:55.786Z] Checked if tokens are valid: true, expires at: 1768328738487
[debug] [2026-01-13T18:08:55.786Z] >>> [apiv2][query] GET https://cloudfunctions.googleapis.com/v2/projects/scouting-481000/locations/us-central1/operations/operation-1768327720507-64848e1a099ee-bf01e1ae-46cd4f33 [none]
[debug] [2026-01-13T18:08:55.865Z] <<< [apiv2][status] GET https://cloudfunctions.googleapis.com/v2/projects/scouting-481000/locations/us-central1/operations/operation-1768327720507-64848e1a099ee-bf01e1ae-46cd4f33 200
[debug] [2026-01-13T18:08:55.865Z] <<< [apiv2][body] GET https://cloudfunctions.googleapis.com/v2/projects/scouting-481000/locations/us-central1/operations/operation-1768327720507-64848e1a099ee-bf01e1ae-46cd4f33 {"name":"projects/scouting-481000/locations/us-central1/operations/operation-1768327720507-64848e1a099ee-bf01e1ae-46cd4f33","metadata":{"@type":"type.googleapis.com/google.cloud.functions.v2.OperationMetadata","createTime":"2026-01-13T18:08:41.194721235Z","target":"projects/scouting-481000/locations/us-central1/functions/api","verb":"update","cancelRequested":false,"apiVersion":"v2","requestResource":{"@type":"type.googleapis.com/google.cloud.functions.v2.Function","name":"projects/scouting-481000/locations/us-central1/functions/api","buildConfig":{"runtime":"nodejs24","entryPoint":"api","source":{"storageSource":{"bucket":"gcf-v2-sources-583080414646-us-central1","object":"api/function-source.zip","generation":"1768327721141735"}},"environmentVariables":{"GOOGLE_NODE_RUN_SCRIPTS":""},"dockerRepository":"projects/scouting-481000/locations/us-central1/repositories/gcf-artifacts","sourceProvenance":{"resolvedStorageSource":{"bucket":"gcf-v2-sources-583080414646-us-central1","object":"api/function-source.zip","generation":"1768326019144004"}},"dockerRegistry":"ARTIFACT_REGISTRY","serviceAccount":"projects/scouting-481000/serviceAccounts/583080414646-compute@developer.gserviceaccount.com","automaticUpdatePolicy":{}},"serviceConfig":{"service":"projects/scouting-481000/locations/us-central1/services/api","timeoutSeconds":60,"environmentVariables":{"FIREBASE_CONFIG":"{\"projectId\":\"scouting-481000\",\"storageBucket\":\"scouting-481000.firebasestorage.app\"}","GCLOUD_PROJECT":"scouting-481000","EVENTARC_CLOUD_EVENT_SOURCE":"projects/scouting-481000/locations/us-central1/services/api","FUNCTION_TARGET":"api","LOG_EXECUTION_ID":"true"},"ingressSettings":"ALLOW_ALL","uri":"https://api-2sv4ordija-uc.a.run.app","serviceAccountEmail":"583080414646-compute@developer.gserviceaccount.com","availableMemory":"256Mi","allTrafficOnLatestRevision":true,"secretEnvironmentVariables":[{"key":"GOOGLE_SERVICE_ACCOUNT_EMAIL","projectId":"scouting-481000","secret":"GOOGLE_SERVICE_ACCOUNT_EMAIL","version":"1"},{"key":"GOOGLE_PRIVATE_KEY","projectId":"scouting-481000","secret":"GOOGLE_PRIVATE_KEY","version":"1"},{"key":"TBA_AUTH_KEY","projectId":"scouting-481000","secret":"TBA_AUTH_KEY","version":"1"}],"revision":"api-00002-fer","maxInstanceRequestConcurrency":80,"availableCpu":"1"},"state":"ACTIVE","labels":{"deployment-tool":"cloudfunctions","firebase-functions-hash":"5c552943b3ca905450ab04dfb52dec8895bfe7e9"},"environment":"GEN_2","url":"https://us-central1-scouting-481000.cloudfunctions.net/api","satisfiesPzi":true},"stages":[{"name":"BUILD","message":"Build in progress","state":"IN_PROGRESS","resource":"projects/583080414646/locations/us-central1/builds/214f8bce-e27b-4250-ba4d-4202821114c2","resourceUri":"https://console.cloud.google.com/cloud-build/builds;region=us-central1/214f8bce-e27b-4250-ba4d-4202821114c2?project=583080414646"},{"name":"SERVICE","state":"NOT_STARTED"}],"operationType":"UPDATE_FUNCTION","buildName":"projects/583080414646/locations/us-central1/builds/214f8bce-e27b-4250-ba4d-4202821114c2"},"done":false}
[debug] [2026-01-13T18:08:59.873Z] [update-default-us-central1-api] Retrying task index 0
[debug] [2026-01-13T18:08:59.873Z] Checked if tokens are valid: true, expires at: 1768328738487
[debug] [2026-01-13T18:08:59.873Z] Checked if tokens are valid: true, expires at: 1768328738487
[debug] [2026-01-13T18:08:59.873Z] >>> [apiv2][query] GET https://cloudfunctions.googleapis.com/v2/projects/scouting-481000/locations/us-central1/operations/operation-1768327720507-64848e1a099ee-bf01e1ae-46cd4f33 [none]
[debug] [2026-01-13T18:09:00.020Z] <<< [apiv2][status] GET https://cloudfunctions.googleapis.com/v2/projects/scouting-481000/locations/us-central1/operations/operation-1768327720507-64848e1a099ee-bf01e1ae-46cd4f33 200
[debug] [2026-01-13T18:09:00.020Z] <<< [apiv2][body] GET https://cloudfunctions.googleapis.com/v2/projects/scouting-481000/locations/us-central1/operations/operation-1768327720507-64848e1a099ee-bf01e1ae-46cd4f33 {"name":"projects/scouting-481000/locations/us-central1/operations/operation-1768327720507-64848e1a099ee-bf01e1ae-46cd4f33","metadata":{"@type":"type.googleapis.com/google.cloud.functions.v2.OperationMetadata","createTime":"2026-01-13T18:08:41.194721235Z","target":"projects/scouting-481000/locations/us-central1/functions/api","verb":"update","cancelRequested":false,"apiVersion":"v2","requestResource":{"@type":"type.googleapis.com/google.cloud.functions.v2.Function","name":"projects/scouting-481000/locations/us-central1/functions/api","buildConfig":{"runtime":"nodejs24","entryPoint":"api","source":{"storageSource":{"bucket":"gcf-v2-sources-583080414646-us-central1","object":"api/function-source.zip","generation":"1768327721141735"}},"environmentVariables":{"GOOGLE_NODE_RUN_SCRIPTS":""},"dockerRepository":"projects/scouting-481000/locations/us-central1/repositories/gcf-artifacts","sourceProvenance":{"resolvedStorageSource":{"bucket":"gcf-v2-sources-583080414646-us-central1","object":"api/function-source.zip","generation":"1768326019144004"}},"dockerRegistry":"ARTIFACT_REGISTRY","serviceAccount":"projects/scouting-481000/serviceAccounts/583080414646-compute@developer.gserviceaccount.com","automaticUpdatePolicy":{}},"serviceConfig":{"service":"projects/scouting-481000/locations/us-central1/services/api","timeoutSeconds":60,"environmentVariables":{"FIREBASE_CONFIG":"{\"projectId\":\"scouting-481000\",\"storageBucket\":\"scouting-481000.firebasestorage.app\"}","GCLOUD_PROJECT":"scouting-481000","EVENTARC_CLOUD_EVENT_SOURCE":"projects/scouting-481000/locations/us-central1/services/api","FUNCTION_TARGET":"api","LOG_EXECUTION_ID":"true"},"ingressSettings":"ALLOW_ALL","uri":"https://api-2sv4ordija-uc.a.run.app","serviceAccountEmail":"583080414646-compute@developer.gserviceaccount.com","availableMemory":"256Mi","allTrafficOnLatestRevision":true,"secretEnvironmentVariables":[{"key":"GOOGLE_SERVICE_ACCOUNT_EMAIL","projectId":"scouting-481000","secret":"GOOGLE_SERVICE_ACCOUNT_EMAIL","version":"1"},{"key":"GOOGLE_PRIVATE_KEY","projectId":"scouting-481000","secret":"GOOGLE_PRIVATE_KEY","version":"1"},{"key":"TBA_AUTH_KEY","projectId":"scouting-481000","secret":"TBA_AUTH_KEY","version":"1"}],"revision":"api-00002-fer","maxInstanceRequestConcurrency":80,"availableCpu":"1"},"state":"ACTIVE","labels":{"deployment-tool":"cloudfunctions","firebase-functions-hash":"5c552943b3ca905450ab04dfb52dec8895bfe7e9"},"environment":"GEN_2","url":"https://us-central1-scouting-481000.cloudfunctions.net/api","satisfiesPzi":true},"stages":[{"name":"BUILD","message":"Build in progress","state":"IN_PROGRESS","resource":"projects/583080414646/locations/us-central1/builds/214f8bce-e27b-4250-ba4d-4202821114c2","resourceUri":"https://console.cloud.google.com/cloud-build/builds;region=us-central1/214f8bce-e27b-4250-ba4d-4202821114c2?project=583080414646"},{"name":"SERVICE","state":"NOT_STARTED"}],"operationType":"UPDATE_FUNCTION","buildName":"projects/583080414646/locations/us-central1/builds/214f8bce-e27b-4250-ba4d-4202821114c2"},"done":false}
